(node:61898) ExperimentalWarning: localStorage is not available because --localstorage-file was not provided.
(Use `node --trace-warnings ...` to show where the warning was created)
  [gym:mine-iron-exp-patched] tp 2920,101,138 — running
[patched] descended 101->24 stopped=null have=0 t=79s
[patched] branchMine y=24 level=24 mined=0 dug=10 have=0/5 lost=false
  [gym:mine-iron-exp-patched] FAIL 113.7s @2920,101,138 — Collected 0/5 raw_iron (y=24, dug=10)
TRIAL 1/5 FAIL 113.7s @2920,138 raw_iron=0 — Collected 0/5 raw_iron (y=24, dug=10)
  [gym:mine-iron-exp-patched] tp 7627,72,5375 — running
[patched] descended 72->24 stopped=null have=0 t=50s
[patched] branchMine y=25 level=24 mined=0 dug=0 have=0/5 lost=true
  [gym:mine-iron-exp-patched] FAIL 150.0s @7627,72,5375 — gym timeout
TRIAL 2/5 FAIL 150.0s @7627,5375 raw_iron=0 — gym timeout
  [gym:mine-iron-exp-patched] tp 2446,144,1534 — running
[patched] descended 144->143 stopped=null have=0 t=110s
  [gym:mine-iron-exp-patched] FAIL 110.0s @2446,144,1534 — Stuck descending at y=143 (?)
TRIAL 3/5 FAIL 110.0s @2446,1534 raw_iron=0 — Stuck descending at y=143 (?)
  [gym:mine-iron-exp-patched] tp 4474,118,5815 — running
[patched] descended 118->41 stopped=deep drop have=0 t=79s
[patched] branchMine y=41 level=24 mined=0 dug=0 have=0/5 lost=false
  [gym:mine-iron-exp-patched] FAIL 150.0s @4474,118,5815 — gym timeout
TRIAL 4/5 FAIL 150.0s @4474,5815 raw_iron=0 — gym timeout
  [gym:mine-iron-exp-patched] tp 145,69,1159 — running
[patched] descended 69->69 stopped=null have=0 t=110s
  [gym:mine-iron-exp-patched] FAIL 110.3s @145,69,1159 — Stuck descending at y=69 (?)
TRIAL 5/5 FAIL 110.3s @145,1159 raw_iron=0 — Stuck descending at y=69 (?)

SUMMARY strat=patched trials=5 pass=0/5 (0%) medianMs=113719
  FAIL 113.7s @2920,138 — Collected 0/5 raw_iron (y=24, dug=10)
  FAIL 150.0s @7627,5375 — gym timeout
  FAIL 110.0s @2446,1534 — Stuck descending at y=143 (?)
  FAIL 150.0s @4474,5815 — gym timeout
  FAIL 110.3s @145,1159 — Stuck descending at y=69 (?)
