(node:64756) ExperimentalWarning: localStorage is not available because --localstorage-file was not provided.
(Use `node --trace-warnings ...` to show where the warning was created)
  [gym:mine-iron-exp-patched] tp 7179,72,7569 — running
[patched] descended 72->24 stopped=null have=0 t=60s
[patched] branchMine y=24 level=24 mined=0 dug=14 have=0/5 lost=false
  [gym:mine-iron-exp-patched] FAIL 110.6s @7179,72,7569 — Collected 0/5 raw_iron (y=24, dug=14)
TRIAL 1/5 FAIL 110.6s @7179,7569 raw_iron=0 — Collected 0/5 raw_iron (y=24, dug=14)
  [gym:mine-iron-exp-patched] tp 9179,69,4711 — running
[patched] descended 69->24 stopped=null have=3 t=52s
[patched] branchMine y=24 level=24 mined=0 dug=13 have=3/5 lost=true
  [gym:mine-iron-exp-patched] PASS 150.0s @9179,69,4711 — gym timeout
TRIAL 2/5 PASS 150.0s @9179,4711 raw_iron=3 — gym timeout
  [gym:mine-iron-exp-patched] tp 2943,70,3259 — running
[patched] descended 70->70 stopped=null have=0 t=60s
[patched] branchMine y=69 level=24 mined=0 dug=14 have=0/5 lost=false
  [gym:mine-iron-exp-patched] FAIL 111.5s @2943,70,3259 — Collected 0/5 raw_iron (y=69, dug=14)
TRIAL 3/5 FAIL 111.5s @2943,3259 raw_iron=0 — Collected 0/5 raw_iron (y=69, dug=14)
  [gym:mine-iron-exp-patched] tp 8844,72,9309 — running
[patched] descended 72->24 stopped=null have=0 t=52s
[patched] branchMine y=24 level=24 mined=0 dug=14 have=0/5 lost=true
  [gym:mine-iron-exp-patched] FAIL 150.0s @8844,72,9309 — gym timeout
TRIAL 4/5 FAIL 150.0s @8844,9309 raw_iron=0 — gym timeout
  [gym:mine-iron-exp-patched] tp 2796,86,4004 — running
[patched] descended 86->76 stopped=null have=0 t=62s
[patched] branchMine y=75 level=24 mined=0 dug=0 have=0/5 lost=false
  [gym:mine-iron-exp-patched] FAIL 137.6s @2796,86,4004 — Collected 0/5 raw_iron (y=75, dug=0)
TRIAL 5/5 FAIL 137.6s @2796,4004 raw_iron=0 — Collected 0/5 raw_iron (y=75, dug=0)

SUMMARY strat=patched trials=5 pass=1/5 (20%) medianMs=137578
  FAIL 110.6s @7179,7569 — Collected 0/5 raw_iron (y=24, dug=14)
  PASS 150.0s @9179,4711 — gym timeout
  FAIL 111.5s @2943,3259 — Collected 0/5 raw_iron (y=69, dug=14)
  FAIL 150.0s @8844,9309 — gym timeout
  FAIL 137.6s @2796,4004 — Collected 0/5 raw_iron (y=75, dug=0)
